3
4
4
2
[ 'Hello', 'World' ]
Hello World
[ 1, 2, 3, 4, 5 ]
