Tofu
female
10
1
Domestic Shorthair
true
undefined
